// Jest Snapshot v1, https://goo.gl/fbAQLP

exports[`styles an h1 element 1`] = `
.c0 {
  font-size: 2rem;
  margin-top: 0;
}

<h1
  className="c0"
/>
`;
