// Jest Snapshot v1, https://goo.gl/fbAQLP

exports[`indicates message was sent successfully 1`] = `
Object {
  "timestamp": 1234567890,
  "type": "MESSAGE_DELIVERED",
}
`;
