// Jest Snapshot v1, https://goo.gl/fbAQLP

exports[`constructs \`message_delivered\` payload to be pushed to data layer 1`] = `
Object {
  "event": "message_delivered",
  "message": Object {
    "duration": "1234ms",
    "text": "message text",
    "timestamp": "Thu Jan 15 1970",
  },
}
`;
