// Jest Snapshot v1, https://goo.gl/fbAQLP

exports[`generates action to clear sending related info in store 1`] = `
Object {
  "type": "CLEAR_SENDING_INFO",
}
`;
